exp1b floor: B=512 median=0.293 ns/op; B=32 (xval) median=0.375 ns/op
  fifo_bounded           si=0 gbn_long64  N=  128  p50= 4451.890  p90= 4501.638
  fifo_bounded           si=1 gbn_long64  N=  128  p50= 4448.465  p90= 4498.475
  chained_hash_bounded   si=0 gbn_long64  N=  128  p50= 1003.351  p90= 1008.625
  chained_hash_bounded   si=1 gbn_long64  N=  128  p50= 1011.473  p90= 1022.012
  balanced_tree_bounded  si=0 gbn_long64  N=  128  p50= 1067.821  p90= 1070.876
  balanced_tree_bounded  si=1 gbn_long64  N=  128  p50= 1066.421  p90= 1069.277
  psn_dynblock           si=0 gbn_long64  N=  128  p50=  986.499  p90=  991.532
  psn_dynblock           si=1 gbn_long64  N=  128  p50=  987.486  p90=  991.285
  psn_dynblock_adaptive  si=0 gbn_long64  N=  128  p50=  986.634  p90=  991.527
  psn_dynblock_adaptive  si=1 gbn_long64  N=  128  p50=  986.096  p90=  990.687
  ring_fixed             si=0 gbn_long64  N=  128  p50= 1042.061  p90= 1046.091
  ring_fixed             si=1 gbn_long64  N=  128  p50= 1042.236  p90= 1048.012
  index_only             si=0 gbn_long64  N=  128  p50=  181.494  p90=  184.280
  index_only             si=1 gbn_long64  N=  128  p50=  183.506  p90=  184.209
  fifo_bounded           si=0 gbn_short8  N=  128  p50=  544.745  p90=  558.806
  fifo_bounded           si=1 gbn_short8  N=  128  p50=  543.513  p90=  557.259
  chained_hash_bounded   si=0 gbn_short8  N=  128  p50=   86.472  p90=   87.799
  chained_hash_bounded   si=1 gbn_short8  N=  128  p50=   86.252  p90=   86.951
  balanced_tree_bounded  si=0 gbn_short8  N=  128  p50=  115.271  p90=  116.013
  balanced_tree_bounded  si=1 gbn_short8  N=  128  p50=  115.171  p90=  116.172
  psn_dynblock           si=0 gbn_short8  N=  128  p50=   71.651  p90=   72.198
  psn_dynblock           si=1 gbn_short8  N=  128  p50=   71.832  p90=   72.737
  psn_dynblock_adaptive  si=0 gbn_short8  N=  128  p50=   72.126  p90=   73.961
  psn_dynblock_adaptive  si=1 gbn_short8  N=  128  p50=   72.210  p90=   73.664
  ring_fixed             si=0 gbn_short8  N=  128  p50=   76.851  p90=   77.137
  ring_fixed             si=1 gbn_short8  N=  128  p50=   76.789  p90=   77.094
  index_only             si=0 gbn_short8  N=  128  p50=   23.325  p90=   23.357
  index_only             si=1 gbn_short8  N=  128  p50=   23.321  p90=   23.354
  fifo_bounded           si=0 sr_16       N=  128  p50= 1424.209  p90= 1433.980
  fifo_bounded           si=1 sr_16       N=  128  p50= 1259.009  p90= 1268.029
  chained_hash_bounded   si=0 sr_16       N=  128  p50=  461.110  p90=  465.490
  chained_hash_bounded   si=1 sr_16       N=  128  p50=  298.177  p90=  301.062
  balanced_tree_bounded  si=0 sr_16       N=  128  p50=  561.769  p90=  565.541
  balanced_tree_bounded  si=1 sr_16       N=  128  p50=  401.016  p90=  404.201
  psn_dynblock           si=0 sr_16       N=  128  p50=  197.506  p90=  201.867
  psn_dynblock           si=1 sr_16       N=  128  p50=  196.823  p90=  198.858
  psn_dynblock_adaptive  si=0 sr_16       N=  128  p50=  197.374  p90=  200.456
  psn_dynblock_adaptive  si=1 sr_16       N=  128  p50=  197.179  p90=  200.564
  ring_fixed             si=0 sr_16       N=  128  p50=  189.142  p90=  191.245
  ring_fixed             si=1 sr_16       N=  128  p50=  189.125  p90=  190.680
  index_only             si=0 sr_16       N=  128  p50=  317.454  p90=  320.368
  index_only             si=1 sr_16       N=  128  p50=  156.719  p90=  157.910
  fifo_bounded           si=0 sr_64       N=  128  p50= 6197.293  p90= 6221.444
  fifo_bounded           si=1 sr_64       N=  128  p50= 5264.778  p90= 5283.025
  chained_hash_bounded   si=0 sr_64       N=  128  p50= 2575.263  p90= 2589.492
  chained_hash_bounded   si=1 sr_64       N=  128  p50= 1641.119  p90= 1648.570
  balanced_tree_bounded  si=0 sr_64       N=  128  p50= 2833.830  p90= 2850.521
  balanced_tree_bounded  si=1 sr_64       N=  128  p50= 1909.062  p90= 1918.558
  psn_dynblock           si=0 sr_64       N=  128  p50=  864.478  p90=  872.290
  psn_dynblock           si=1 sr_64       N=  128  p50=  863.244  p90=  867.441
  psn_dynblock_adaptive  si=0 sr_64       N=  128  p50=  864.182  p90=  873.098
  psn_dynblock_adaptive  si=1 sr_64       N=  128  p50=  865.674  p90=  883.764
  ring_fixed             si=0 sr_64       N=  128  p50=  852.189  p90=  860.852
  ring_fixed             si=1 sr_64       N=  128  p50=  853.030  p90=  862.191
  index_only             si=0 sr_64       N=  128  p50= 1754.910  p90= 1765.738
  index_only             si=1 sr_64       N=  128  p50=  841.514  p90=  852.227
  fifo_bounded           si=0 gbn_long64  N=  256  p50= 8228.745  p90= 8457.030
  fifo_bounded           si=1 gbn_long64  N=  256  p50= 8227.190  p90= 8430.036
  chained_hash_bounded   si=0 gbn_long64  N=  256  p50= 1015.813  p90= 1022.774
  chained_hash_bounded   si=1 gbn_long64  N=  256  p50= 1015.275  p90= 1020.089
  balanced_tree_bounded  si=0 gbn_long64  N=  256  p50= 1087.593  p90= 1089.938
  balanced_tree_bounded  si=1 gbn_long64  N=  256  p50= 1087.970  p90= 1090.598
  psn_dynblock           si=0 gbn_long64  N=  256  p50=  990.384  p90=  999.105
  psn_dynblock           si=1 gbn_long64  N=  256  p50=  989.804  p90=  992.104
  psn_dynblock_adaptive  si=0 gbn_long64  N=  256  p50=  990.352  p90=  994.660
  psn_dynblock_adaptive  si=1 gbn_long64  N=  256  p50=  990.323  p90=  994.864
  ring_fixed             si=0 gbn_long64  N=  256  p50= 1040.237  p90= 1043.969
  ring_fixed             si=1 gbn_long64  N=  256  p50= 1040.246  p90= 1043.731
  index_only             si=0 gbn_long64  N=  256  p50=  181.520  p90=  182.699
  index_only             si=1 gbn_long64  N=  256  p50=  181.463  p90=  182.374
  fifo_bounded           si=0 gbn_short8  N=  256  p50= 1030.442  p90= 1067.573
  fifo_bounded           si=1 gbn_short8  N=  256  p50= 1029.338  p90= 1066.553
  chained_hash_bounded   si=0 gbn_short8  N=  256  p50=   89.256  p90=   90.048
  chained_hash_bounded   si=1 gbn_short8  N=  256  p50=   89.109  p90=   89.789
  balanced_tree_bounded  si=0 gbn_short8  N=  256  p50=  129.511  p90=  130.771
  balanced_tree_bounded  si=1 gbn_short8  N=  256  p50=  129.313  p90=  130.441
  psn_dynblock           si=0 gbn_short8  N=  256  p50=   74.758  p90=   77.608
  psn_dynblock           si=1 gbn_short8  N=  256  p50=   74.628  p90=   75.949
  psn_dynblock_adaptive  si=0 gbn_short8  N=  256  p50=   74.760  p90=   76.144
  psn_dynblock_adaptive  si=1 gbn_short8  N=  256  p50=   75.283  p90=   78.255
  ring_fixed             si=0 gbn_short8  N=  256  p50=   77.941  p90=   78.162
  ring_fixed             si=1 gbn_short8  N=  256  p50=   77.930  p90=   78.221
  index_only             si=0 gbn_short8  N=  256  p50=   23.324  p90=   23.354
  index_only             si=1 gbn_short8  N=  256  p50=   23.333  p90=   23.857
  fifo_bounded           si=0 sr_16       N=  256  p50= 2427.792  p90= 2451.833
  fifo_bounded           si=1 sr_16       N=  256  p50= 2263.773  p90= 2282.176
  chained_hash_bounded   si=0 sr_16       N=  256  p50=  440.744  p90=  447.762
  chained_hash_bounded   si=1 sr_16       N=  256  p50=  276.270  p90=  277.662
  balanced_tree_bounded  si=0 sr_16       N=  256  p50=  612.354  p90=  616.363
  balanced_tree_bounded  si=1 sr_16       N=  256  p50=  450.567  p90=  453.055
  psn_dynblock           si=0 sr_16       N=  256  p50=  214.127  p90=  216.607
  psn_dynblock           si=1 sr_16       N=  256  p50=  213.346  p90=  214.543
  psn_dynblock_adaptive  si=0 sr_16       N=  256  p50=  216.196  p90=  219.681
  psn_dynblock_adaptive  si=1 sr_16       N=  256  p50=  214.307  p90=  222.649
  ring_fixed             si=0 sr_16       N=  256  p50=  206.391  p90=  207.865
  ring_fixed             si=1 sr_16       N=  256  p50=  206.552  p90=  210.103
  index_only             si=0 sr_16       N=  256  p50=  317.762  p90=  319.694
  index_only             si=1 sr_16       N=  256  p50=  155.979  p90=  157.367
  fifo_bounded           si=0 sr_64       N=  256  p50=10192.542  p90=10265.039
  fifo_bounded           si=1 sr_64       N=  256  p50= 9264.811  p90= 9317.943
  chained_hash_bounded   si=0 sr_64       N=  256  p50= 2587.884  p90= 2601.021
  chained_hash_bounded   si=1 sr_64       N=  256  p50= 1658.940  p90= 1662.791
  balanced_tree_bounded  si=0 sr_64       N=  256  p50= 2943.447  p90= 2953.770
  balanced_tree_bounded  si=1 sr_64       N=  256  p50= 2027.609  p90= 2035.266
  psn_dynblock           si=0 sr_64       N=  256  p50=  959.716  p90=  969.901
  psn_dynblock           si=1 sr_64       N=  256  p50=  959.649  p90=  963.410
  psn_dynblock_adaptive  si=0 sr_64       N=  256  p50=  960.734  p90=  968.302
  psn_dynblock_adaptive  si=1 sr_64       N=  256  p50=  960.071  p90=  968.619
  ring_fixed             si=0 sr_64       N=  256  p50=  991.589  p90=  997.156
  ring_fixed             si=1 sr_64       N=  256  p50=  992.015  p90=  996.928
  index_only             si=0 sr_64       N=  256  p50= 1749.913  p90= 1760.650
  index_only             si=1 sr_64       N=  256  p50=  845.002  p90=  859.191
  fifo_bounded           si=0 gbn_long64  N=  512  p50=16124.668  p90=16601.037
  fifo_bounded           si=1 gbn_long64  N=  512  p50=16149.353  p90=16612.352
  chained_hash_bounded   si=0 gbn_long64  N=  512  p50= 1019.511  p90= 1026.052
  chained_hash_bounded   si=1 gbn_long64  N=  512  p50= 1019.238  p90= 1026.917
  balanced_tree_bounded  si=0 gbn_long64  N=  512  p50= 1133.630  p90= 1136.830
  balanced_tree_bounded  si=1 gbn_long64  N=  512  p50= 1133.944  p90= 1138.937
  psn_dynblock           si=0 gbn_long64  N=  512  p50=  992.977  p90=  997.555
  psn_dynblock           si=1 gbn_long64  N=  512  p50=  992.630  p90=  996.375
  psn_dynblock_adaptive  si=0 gbn_long64  N=  512  p50=  993.310  p90= 1000.631
  psn_dynblock_adaptive  si=1 gbn_long64  N=  512  p50=  993.662  p90=  997.845
  ring_fixed             si=0 gbn_long64  N=  512  p50= 1135.465  p90= 1150.220
  ring_fixed             si=1 gbn_long64  N=  512  p50= 1132.348  p90= 1144.668
  index_only             si=0 gbn_long64  N=  512  p50=  181.176  p90=  182.164
  index_only             si=1 gbn_long64  N=  512  p50=  181.181  p90=  182.215
  fifo_bounded           si=0 gbn_short8  N=  512  p50= 2053.301  p90= 2117.193
  fifo_bounded           si=1 gbn_short8  N=  512  p50= 2053.175  p90= 2120.227
  chained_hash_bounded   si=0 gbn_short8  N=  512  p50=   91.477  p90=   92.136
  chained_hash_bounded   si=1 gbn_short8  N=  512  p50=   91.378  p90=   91.952
  balanced_tree_bounded  si=0 gbn_short8  N=  512  p50=  145.386  p90=  146.912
  balanced_tree_bounded  si=1 gbn_short8  N=  512  p50=  145.223  p90=  146.753
  psn_dynblock           si=0 gbn_short8  N=  512  p50=   77.073  p90=   78.628
  psn_dynblock           si=1 gbn_short8  N=  512  p50=   77.449  p90=   80.655
  psn_dynblock_adaptive  si=0 gbn_short8  N=  512  p50=   79.434  p90=   87.027
  psn_dynblock_adaptive  si=1 gbn_short8  N=  512  p50=   76.335  p90=   76.877
  ring_fixed             si=0 gbn_short8  N=  512  p50=   84.173  p90=   84.725
  ring_fixed             si=1 gbn_short8  N=  512  p50=   84.103  p90=   84.986
  index_only             si=0 gbn_short8  N=  512  p50=   23.321  p90=   23.354
  index_only             si=1 gbn_short8  N=  512  p50=   23.320  p90=   23.354
  fifo_bounded           si=0 sr_16       N=  512  p50= 4497.679  p90= 4540.424
  fifo_bounded           si=1 sr_16       N=  512  p50= 4332.301  p90= 4377.198
  chained_hash_bounded   si=0 sr_16       N=  512  p50=  450.356  p90=  454.599
  chained_hash_bounded   si=1 sr_16       N=  512  p50=  287.821  p90=  290.233
  balanced_tree_bounded  si=0 sr_16       N=  512  p50=  673.150  p90=  677.997
  balanced_tree_bounded  si=1 sr_16       N=  512  p50=  510.606  p90=  514.754
  psn_dynblock           si=0 sr_16       N=  512  p50=  241.009  p90=  251.302
  psn_dynblock           si=1 sr_16       N=  512  p50=  238.371  p90=  242.230
  psn_dynblock_adaptive  si=0 sr_16       N=  512  p50=  242.991  p90=  249.368
  psn_dynblock_adaptive  si=1 sr_16       N=  512  p50=  242.236  p90=  250.102
  ring_fixed             si=0 sr_16       N=  512  p50=  239.154  p90=  244.196
  ring_fixed             si=1 sr_16       N=  512  p50=  240.259  p90=  243.365
  index_only             si=0 sr_16       N=  512  p50=  316.629  p90=  319.467
  index_only             si=1 sr_16       N=  512  p50=  155.900  p90=  157.490
  fifo_bounded           si=0 sr_64       N=  512  p50=18365.662  p90=18428.318
  fifo_bounded           si=1 sr_64       N=  512  p50=17432.266  p90=17502.940
  chained_hash_bounded   si=0 sr_64       N=  512  p50= 2614.762  p90= 2635.959
  chained_hash_bounded   si=1 sr_64       N=  512  p50= 1687.302  p90= 1693.363
  balanced_tree_bounded  si=0 sr_64       N=  512  p50= 3219.963  p90= 3269.219
  balanced_tree_bounded  si=1 sr_64       N=  512  p50= 2302.174  p90= 2312.566
  psn_dynblock           si=0 sr_64       N=  512  p50= 1033.920  p90= 1051.366
  psn_dynblock           si=1 sr_64       N=  512  p50= 1034.305  p90= 1038.936
  psn_dynblock_adaptive  si=0 sr_64       N=  512  p50= 1034.700  p90= 1052.030
  psn_dynblock_adaptive  si=1 sr_64       N=  512  p50= 1034.675  p90= 1055.778
  ring_fixed             si=0 sr_64       N=  512  p50= 1127.911  p90= 1140.776
  ring_fixed             si=1 sr_64       N=  512  p50= 1127.045  p90= 1135.523
  index_only             si=0 sr_64       N=  512  p50= 1751.013  p90= 1766.570
  index_only             si=1 sr_64       N=  512  p50=  845.086  p90=  851.862
  fifo_bounded           si=0 gbn_long64  N= 1024  p50=32828.670  p90=34040.574
  fifo_bounded           si=1 gbn_long64  N= 1024  p50=32814.322  p90=33750.519
  chained_hash_bounded   si=0 gbn_long64  N= 1024  p50= 1031.537  p90= 1037.903
  chained_hash_bounded   si=1 gbn_long64  N= 1024  p50= 1030.619  p90= 1037.903
  balanced_tree_bounded  si=0 gbn_long64  N= 1024  p50= 1179.757  p90= 1184.970
  balanced_tree_bounded  si=1 gbn_long64  N= 1024  p50= 1178.888  p90= 1182.668
  psn_dynblock           si=0 gbn_long64  N= 1024  p50=  993.735  p90= 1012.754
  psn_dynblock           si=1 gbn_long64  N= 1024  p50=  994.157  p90=  996.571
  psn_dynblock_adaptive  si=0 gbn_long64  N= 1024  p50=  995.334  p90= 1029.911
  psn_dynblock_adaptive  si=1 gbn_long64  N= 1024  p50=  995.066  p90= 1008.196
  ring_fixed             si=0 gbn_long64  N= 1024  p50= 1485.931  p90= 1527.797
  ring_fixed             si=1 gbn_long64  N= 1024  p50= 1323.486  p90= 1572.672
  index_only             si=0 gbn_long64  N= 1024  p50=  181.310  p90=  182.498
  index_only             si=1 gbn_long64  N= 1024  p50=  181.474  p90=  182.610
  fifo_bounded           si=0 gbn_short8  N= 1024  p50= 4120.409  p90= 4236.761
  fifo_bounded           si=1 gbn_short8  N= 1024  p50= 4115.295  p90= 4234.922
  chained_hash_bounded   si=0 gbn_short8  N= 1024  p50=   94.415  p90=   95.850
  chained_hash_bounded   si=1 gbn_short8  N= 1024  p50=   93.979  p90=   94.633
  balanced_tree_bounded  si=0 gbn_short8  N= 1024  p50=  162.739  p90=  164.280
  balanced_tree_bounded  si=1 gbn_short8  N= 1024  p50=  162.737  p90=  164.212
  psn_dynblock           si=0 gbn_short8  N= 1024  p50=   77.601  p90=   77.984
  psn_dynblock           si=1 gbn_short8  N= 1024  p50=   77.568  p90=   77.955
  psn_dynblock_adaptive  si=0 gbn_short8  N= 1024  p50=   77.760  p90=   80.347
  psn_dynblock_adaptive  si=1 gbn_short8  N= 1024  p50=   77.597  p90=   77.986
  ring_fixed             si=0 gbn_short8  N= 1024  p50=  104.201  p90=  132.174
  ring_fixed             si=1 gbn_short8  N= 1024  p50=  103.100  p90=  104.289
  index_only             si=0 gbn_short8  N= 1024  p50=   23.327  p90=   23.356
  index_only             si=1 gbn_short8  N= 1024  p50=   23.322  p90=   23.353
  fifo_bounded           si=0 sr_16       N= 1024  p50= 9157.495  p90= 9280.637
  fifo_bounded           si=1 sr_16       N= 1024  p50= 8992.271  p90= 9122.118
  chained_hash_bounded   si=0 sr_16       N= 1024  p50=  458.902  p90=  468.950
  chained_hash_bounded   si=1 sr_16       N= 1024  p50=  294.844  p90=  297.865
  balanced_tree_bounded  si=0 sr_16       N= 1024  p50=  761.739  p90=  774.854
  balanced_tree_bounded  si=1 sr_16       N= 1024  p50=  599.096  p90=  605.518
  psn_dynblock           si=0 sr_16       N= 1024  p50=  274.901  p90=  279.721
  psn_dynblock           si=1 sr_16       N= 1024  p50=  277.893  p90=  303.037
  psn_dynblock_adaptive  si=0 sr_16       N= 1024  p50=  274.795  p90=  279.328
  psn_dynblock_adaptive  si=1 sr_16       N= 1024  p50=  273.751  p90=  278.315
  ring_fixed             si=0 sr_16       N= 1024  p50=  318.974  p90=  325.953
  ring_fixed             si=1 sr_16       N= 1024  p50=  320.337  p90=  326.685
  index_only             si=0 sr_16       N= 1024  p50=  319.411  p90=  322.526
  index_only             si=1 sr_16       N= 1024  p50=  156.546  p90=  158.590
  fifo_bounded           si=0 sr_64       N= 1024  p50=37085.602  p90=37289.599
  fifo_bounded           si=1 sr_64       N= 1024  p50=36125.501  p90=36304.074
  chained_hash_bounded   si=0 sr_64       N= 1024  p50= 2666.393  p90= 2744.678
  chained_hash_bounded   si=1 sr_64       N= 1024  p50= 1702.703  p90= 1718.461
  balanced_tree_bounded  si=0 sr_64       N= 1024  p50= 3419.404  p90= 3453.082
  balanced_tree_bounded  si=1 sr_64       N= 1024  p50= 2502.965  p90= 2527.424
  psn_dynblock           si=0 sr_64       N= 1024  p50= 1080.941  p90= 1115.232
  psn_dynblock           si=1 sr_64       N= 1024  p50= 1079.549  p90= 1107.400
  psn_dynblock_adaptive  si=0 sr_64       N= 1024  p50= 1082.302  p90= 1159.889
  psn_dynblock_adaptive  si=1 sr_64       N= 1024  p50= 1084.284  p90= 1106.133
  ring_fixed             si=0 sr_64       N= 1024  p50= 1363.514  p90= 1538.442
  ring_fixed             si=1 sr_64       N= 1024  p50= 1313.979  p90= 1526.570
  index_only             si=0 sr_64       N= 1024  p50= 1751.659  p90= 1762.141
  index_only             si=1 sr_64       N= 1024  p50=  844.756  p90=  850.820
  fifo_bounded           si=0 gbn_long64  N= 2048  p50=64971.945  p90=67213.016
  fifo_bounded           si=1 gbn_long64  N= 2048  p50=64989.332  p90=67363.739
  chained_hash_bounded   si=0 gbn_long64  N= 2048  p50= 1107.484  p90= 1123.560
  chained_hash_bounded   si=1 gbn_long64  N= 2048  p50= 1106.804  p90= 1118.050
  balanced_tree_bounded  si=0 gbn_long64  N= 2048  p50= 1303.316  p90= 1316.240
  balanced_tree_bounded  si=1 gbn_long64  N= 2048  p50= 1303.152  p90= 1314.699
  psn_dynblock           si=0 gbn_long64  N= 2048  p50= 1045.684  p90= 1059.223
  psn_dynblock           si=1 gbn_long64  N= 2048  p50= 1043.443  p90= 1051.915
  psn_dynblock_adaptive  si=0 gbn_long64  N= 2048  p50= 1035.076  p90= 1049.364
  psn_dynblock_adaptive  si=1 gbn_long64  N= 2048  p50= 1045.040  p90= 1053.919
  ring_fixed             si=0 gbn_long64  N= 2048  p50= 1791.603  p90= 1826.088
  ring_fixed             si=1 gbn_long64  N= 2048  p50= 1883.670  p90= 1920.074
  index_only             si=0 gbn_long64  N= 2048  p50=  181.515  p90=  183.914
  index_only             si=1 gbn_long64  N= 2048  p50=  181.579  p90=  184.056
  fifo_bounded           si=0 gbn_short8  N= 2048  p50= 8215.741  p90= 8436.929
  fifo_bounded           si=1 gbn_short8  N= 2048  p50= 8217.000  p90= 8418.207
  chained_hash_bounded   si=0 gbn_short8  N= 2048  p50=  104.275  p90=  105.814
  chained_hash_bounded   si=1 gbn_short8  N= 2048  p50=  104.701  p90=  106.226
  balanced_tree_bounded  si=0 gbn_short8  N= 2048  p50=  184.192  p90=  186.562
  balanced_tree_bounded  si=1 gbn_short8  N= 2048  p50=  184.680  p90=  186.510
  psn_dynblock           si=0 gbn_short8  N= 2048  p50=   82.416  p90=   86.357
  psn_dynblock           si=1 gbn_short8  N= 2048  p50=   81.060  p90=   82.893
  psn_dynblock_adaptive  si=0 gbn_short8  N= 2048  p50=   83.010  p90=   87.821
  psn_dynblock_adaptive  si=1 gbn_short8  N= 2048  p50=   83.084  p90=   85.178
  ring_fixed             si=0 gbn_short8  N= 2048  p50=  165.972  p90=  173.644
  ring_fixed             si=1 gbn_short8  N= 2048  p50=  170.301  p90=  173.105
  index_only             si=0 gbn_short8  N= 2048  p50=   23.327  p90=   23.358
  index_only             si=1 gbn_short8  N= 2048  p50=   23.327  p90=   23.357
  fifo_bounded           si=0 sr_16       N= 2048  p50=17990.391  p90=18166.932
  fifo_bounded           si=1 sr_16       N= 2048  p50=17827.032  p90=18040.301
  chained_hash_bounded   si=0 sr_16       N= 2048  p50=  486.770  p90=  495.369
  chained_hash_bounded   si=1 sr_16       N= 2048  p50=  323.145  p90=  326.854
  balanced_tree_bounded  si=0 sr_16       N= 2048  p50=  838.101  p90=  845.352
  balanced_tree_bounded  si=1 sr_16       N= 2048  p50=  673.959  p90=  679.226
  psn_dynblock           si=0 sr_16       N= 2048  p50=  319.373  p90=  336.530
  psn_dynblock           si=1 sr_16       N= 2048  p50=  319.768  p90=  325.192
  psn_dynblock_adaptive  si=0 sr_16       N= 2048  p50=  319.740  p90=  326.254
  psn_dynblock_adaptive  si=1 sr_16       N= 2048  p50=  319.602  p90=  325.442
  ring_fixed             si=0 sr_16       N= 2048  p50=  387.896  p90=  395.255
  ring_fixed             si=1 sr_16       N= 2048  p50=  398.709  p90=  403.883
  index_only             si=0 sr_16       N= 2048  p50=  317.009  p90=  320.488
  index_only             si=1 sr_16       N= 2048  p50=  156.503  p90=  157.802
  fifo_bounded           si=0 sr_64       N= 2048  p50=72342.199  p90=72714.755
  fifo_bounded           si=1 sr_64       N= 2048  p50=71298.843  p90=71592.458
  chained_hash_bounded   si=0 sr_64       N= 2048  p50= 2804.072  p90= 2830.832
  chained_hash_bounded   si=1 sr_64       N= 2048  p50= 1778.987  p90= 1866.661
  balanced_tree_bounded  si=0 sr_64       N= 2048  p50= 3752.615  p90= 3780.655
  balanced_tree_bounded  si=1 sr_64       N= 2048  p50= 2821.875  p90= 2837.017
  psn_dynblock           si=0 sr_64       N= 2048  p50= 1220.536  p90= 1248.193
  psn_dynblock           si=1 sr_64       N= 2048  p50= 1218.286  p90= 1224.566
  psn_dynblock_adaptive  si=0 sr_64       N= 2048  p50= 1215.116  p90= 1233.235
  psn_dynblock_adaptive  si=1 sr_64       N= 2048  p50= 1219.668  p90= 1230.096
  ring_fixed             si=0 sr_64       N= 2048  p50= 1812.241  p90= 1830.564
  ring_fixed             si=1 sr_64       N= 2048  p50= 1864.898  p90= 1878.040
  index_only             si=0 sr_64       N= 2048  p50= 1753.089  p90= 1762.577
  index_only             si=1 sr_64       N= 2048  p50=  847.255  p90=  862.302
  fifo_bounded           si=0 gbn_long64  N= 4096  p50=130042.079  p90=134057.462
  fifo_bounded           si=1 gbn_long64  N= 4096  p50=130104.428  p90=134881.127
  chained_hash_bounded   si=0 gbn_long64  N= 4096  p50= 1333.042  p90= 1378.676
  chained_hash_bounded   si=1 gbn_long64  N= 4096  p50= 1332.842  p90= 1357.806
  balanced_tree_bounded  si=0 gbn_long64  N= 4096  p50= 1559.835  p90= 1588.005
  balanced_tree_bounded  si=1 gbn_long64  N= 4096  p50= 1613.656  p90= 1852.476
  psn_dynblock           si=0 gbn_long64  N= 4096  p50= 1224.417  p90= 1235.800
  psn_dynblock           si=1 gbn_long64  N= 4096  p50= 1242.548  p90= 1254.386
  psn_dynblock_adaptive  si=0 gbn_long64  N= 4096  p50= 1243.206  p90= 1253.862
  psn_dynblock_adaptive  si=1 gbn_long64  N= 4096  p50= 1241.303  p90= 1254.210
  ring_fixed             si=0 gbn_long64  N= 4096  p50= 1931.334  p90= 1996.068
  ring_fixed             si=1 gbn_long64  N= 4096  p50= 1993.446  p90= 2042.459
  index_only             si=0 gbn_long64  N= 4096  p50=  181.288  p90=  183.133
  index_only             si=1 gbn_long64  N= 4096  p50=  181.188  p90=  183.968
  fifo_bounded           si=0 gbn_short8  N= 4096  p50=16397.790  p90=16726.200
  fifo_bounded           si=1 gbn_short8  N= 4096  p50=16339.609  p90=16762.594
  chained_hash_bounded   si=0 gbn_short8  N= 4096  p50=  124.856  p90=  136.331
  chained_hash_bounded   si=1 gbn_short8  N= 4096  p50=  134.364  p90=  136.799
  balanced_tree_bounded  si=0 gbn_short8  N= 4096  p50=  231.545  p90=  236.494
  balanced_tree_bounded  si=1 gbn_short8  N= 4096  p50=  230.042  p90=  233.415
  psn_dynblock           si=0 gbn_short8  N= 4096  p50=  111.189  p90=  142.589
  psn_dynblock           si=1 gbn_short8  N= 4096  p50=  107.010  p90=  112.143
  psn_dynblock_adaptive  si=0 gbn_short8  N= 4096  p50=  107.105  p90=  116.430
  psn_dynblock_adaptive  si=1 gbn_short8  N= 4096  p50=  106.084  p90=  109.763
  ring_fixed             si=0 gbn_short8  N= 4096  p50=  195.884  p90=  271.771
  ring_fixed             si=1 gbn_short8  N= 4096  p50=  202.882  p90=  234.510
  index_only             si=0 gbn_short8  N= 4096  p50=   23.325  p90=   23.355
  index_only             si=1 gbn_short8  N= 4096  p50=   23.330  p90=   23.409
  fifo_bounded           si=0 sr_16       N= 4096  p50=35319.157  p90=35643.105
  fifo_bounded           si=1 sr_16       N= 4096  p50=35060.195  p90=35385.672
  chained_hash_bounded   si=0 sr_16       N= 4096  p50=  567.692  p90=  582.468
  chained_hash_bounded   si=1 sr_16       N= 4096  p50=  390.883  p90=  401.059
  balanced_tree_bounded  si=0 sr_16       N= 4096  p50=  984.484  p90=  998.004
  balanced_tree_bounded  si=1 sr_16       N= 4096  p50=  818.939  p90=  848.636
  psn_dynblock           si=0 sr_16       N= 4096  p50=  355.177  p90=  380.346
  psn_dynblock           si=1 sr_16       N= 4096  p50=  352.913  p90=  358.672
  psn_dynblock_adaptive  si=0 sr_16       N= 4096  p50=  352.695  p90=  360.858
  psn_dynblock_adaptive  si=1 sr_16       N= 4096  p50=  353.543  p90=  365.805
  ring_fixed             si=0 sr_16       N= 4096  p50=  452.715  p90=  523.579
  ring_fixed             si=1 sr_16       N= 4096  p50=  465.342  p90=  490.929
  index_only             si=0 sr_16       N= 4096  p50=  317.527  p90=  320.975
  index_only             si=1 sr_16       N= 4096  p50=  156.580  p90=  157.980
  fifo_bounded           si=0 sr_64       N= 4096  p50=141122.565  p90=142228.783
  fifo_bounded           si=1 sr_64       N= 4096  p50=140793.533  p90=142478.640
  chained_hash_bounded   si=0 sr_64       N= 4096  p50= 3149.829  p90= 3207.611
  chained_hash_bounded   si=1 sr_64       N= 4096  p50= 2184.531  p90= 2213.941
  balanced_tree_bounded  si=0 sr_64       N= 4096  p50= 4321.860  p90= 4401.759
  balanced_tree_bounded  si=1 sr_64       N= 4096  p50= 3368.796  p90= 3418.704
  psn_dynblock           si=0 sr_64       N= 4096  p50= 1558.797  p90= 1582.271
  psn_dynblock           si=1 sr_64       N= 4096  p50= 1450.073  p90= 1587.099
  psn_dynblock_adaptive  si=0 sr_64       N= 4096  p50= 1579.630  p90= 1594.728
  psn_dynblock_adaptive  si=1 sr_64       N= 4096  p50= 1576.620  p90= 1592.563
  ring_fixed             si=0 sr_64       N= 4096  p50= 1992.423  p90= 2082.657
  ring_fixed             si=1 sr_64       N= 4096  p50= 2059.914  p90= 2127.205
  index_only             si=0 sr_64       N= 4096  p50= 1758.158  p90= 1768.480
  index_only             si=1 sr_64       N= 4096  p50=  845.551  p90=  852.473
  fifo_bounded           si=0 gbn_long64  N= 5120  p50=162798.606  p90=167117.505
  fifo_bounded           si=1 gbn_long64  N= 5120  p50=163096.883  p90=167149.337
  chained_hash_bounded   si=0 gbn_long64  N= 5120  p50= 1368.487  p90= 1386.282
  chained_hash_bounded   si=1 gbn_long64  N= 5120  p50= 1387.569  p90= 1422.728
  balanced_tree_bounded  si=0 gbn_long64  N= 5120  p50= 1625.080  p90= 1646.109
  balanced_tree_bounded  si=1 gbn_long64  N= 5120  p50= 1627.741  p90= 1654.308
  psn_dynblock           si=0 gbn_long64  N= 5120  p50= 1262.816  p90= 1278.864
  psn_dynblock           si=1 gbn_long64  N= 5120  p50= 1275.887  p90= 1295.355
  psn_dynblock_adaptive  si=0 gbn_long64  N= 5120  p50= 1291.690  p90= 1307.321
  psn_dynblock_adaptive  si=1 gbn_long64  N= 5120  p50= 1282.790  p90= 1302.632
  ring_fixed             si=0 gbn_long64  N= 5120  p50= 1988.833  p90= 2053.093
  ring_fixed             si=1 gbn_long64  N= 5120  p50= 2062.388  p90= 2159.655
  index_only             si=0 gbn_long64  N= 5120  p50=  181.521  p90=  184.202
  index_only             si=1 gbn_long64  N= 5120  p50=  181.503  p90=  183.884
  fifo_bounded           si=0 gbn_short8  N= 5120  p50=20477.476  p90=21007.718
  fifo_bounded           si=1 gbn_short8  N= 5120  p50=20477.845  p90=21033.983
  chained_hash_bounded   si=0 gbn_short8  N= 5120  p50=  141.298  p90=  145.230
  chained_hash_bounded   si=1 gbn_short8  N= 5120  p50=  142.959  p90=  145.845
  balanced_tree_bounded  si=0 gbn_short8  N= 5120  p50=  248.214  p90=  252.280
  balanced_tree_bounded  si=1 gbn_short8  N= 5120  p50=  248.588  p90=  255.361
  psn_dynblock           si=0 gbn_short8  N= 5120  p50=  109.153  p90=  112.533
  psn_dynblock           si=1 gbn_short8  N= 5120  p50=  112.131  p90=  115.404
  psn_dynblock_adaptive  si=0 gbn_short8  N= 5120  p50=  113.816  p90=  115.920
  psn_dynblock_adaptive  si=1 gbn_short8  N= 5120  p50=  113.894  p90=  117.224
  ring_fixed             si=0 gbn_short8  N= 5120  p50=  203.079  p90=  218.570
  ring_fixed             si=1 gbn_short8  N= 5120  p50=  274.227  p90=  321.955
  index_only             si=0 gbn_short8  N= 5120  p50=   23.353  p90=   23.667
  index_only             si=1 gbn_short8  N= 5120  p50=   23.325  p90=   23.359
  fifo_bounded           si=0 sr_16       N= 5120  p50=43995.903  p90=44410.078
  fifo_bounded           si=1 sr_16       N= 5120  p50=43753.197  p90=44549.987
  chained_hash_bounded   si=0 sr_16       N= 5120  p50=  590.902  p90=  602.551
  chained_hash_bounded   si=1 sr_16       N= 5120  p50=  411.929  p90=  420.138
  balanced_tree_bounded  si=0 sr_16       N= 5120  p50= 1066.308  p90= 1081.692
  balanced_tree_bounded  si=1 sr_16       N= 5120  p50=  892.213  p90=  905.532
  psn_dynblock           si=0 sr_16       N= 5120  p50=  365.496  p90=  373.798
  psn_dynblock           si=1 sr_16       N= 5120  p50=  372.178  p90=  384.124
  psn_dynblock_adaptive  si=0 sr_16       N= 5120  p50=  367.041  p90=  373.208
  psn_dynblock_adaptive  si=1 sr_16       N= 5120  p50=  367.747  p90=  374.274
  ring_fixed             si=0 sr_16       N= 5120  p50=  513.336  p90=  540.516
  ring_fixed             si=1 sr_16       N= 5120  p50=  535.905  p90=  620.014
  index_only             si=0 sr_16       N= 5120  p50=  318.189  p90=  322.023
  index_only             si=1 sr_16       N= 5120  p50=  156.292  p90=  157.961
  fifo_bounded           si=0 sr_64       N= 5120  p50=175888.938  p90=177123.687
  fifo_bounded           si=1 sr_64       N= 5120  p50=174706.355  p90=175779.090
  chained_hash_bounded   si=0 sr_64       N= 5120  p50= 3083.647  p90= 3259.670
  chained_hash_bounded   si=1 sr_64       N= 5120  p50= 2135.803  p90= 2294.948
  balanced_tree_bounded  si=0 sr_64       N= 5120  p50= 4626.562  p90= 4707.937
  balanced_tree_bounded  si=1 sr_64       N= 5120  p50= 3581.770  p90= 3661.649
  psn_dynblock           si=0 sr_64       N= 5120  p50= 1512.062  p90= 1660.720
  psn_dynblock           si=1 sr_64       N= 5120  p50= 1504.677  p90= 1693.519
  psn_dynblock_adaptive  si=0 sr_64       N= 5120  p50= 1500.629  p90= 1695.954
  psn_dynblock_adaptive  si=1 sr_64       N= 5120  p50= 1497.641  p90= 1687.719
  ring_fixed             si=0 sr_64       N= 5120  p50= 1870.715  p90= 2692.339
  ring_fixed             si=1 sr_64       N= 5120  p50= 1861.295  p90= 2225.129
  index_only             si=0 sr_64       N= 5120  p50= 1778.478  p90= 1796.099
  index_only             si=1 sr_64       N= 5120  p50=  845.618  p90=  859.772
exp1b_lookup done -> out/exp1b_lookup/lookup_summary.csv + out/exp1b_lookup/n_cmp.csv
